Field-One	Two Key 3: File-A-Field	Two Key 4: File-A-Field
One Key 1	10	100
One Key 2	1000	10000
