ID	Time
1	10-29-2007-11:39:17
2	11-10-2007-19:55:28
3	10-26-2007-15:39:56
4	10-30-2007-16:53:36
5	11-10-2007-12:29:18
6	11-09-2007-12:40:31
7	11-10-2007-12:40:31
