TimeþUser-IDþIPþAdvertiser-IDþBuy-IDþAd-IDþCreative-IDþCreative-VersionþCreative-Size-IDþSite-IDþPage-ID
01-14-2008-14:42:08þ576460824354116471þ65.167.67.15þ1266277þ1959739þ39967073þ17350659þ1þ468x60þ172633þ13706864
01-24-2008-05:06:34þ576460832030558978þ83.217.119.90þ1266277þ1959739þ39967073þ17350659þ1þ468x60þ172633þ13706864
01-30-2008-20:13:39þ576460824354116471þ65.167.67.15þ1266277þ1959739þ39967073þ17350659þ1þ468x60þ172633þ13706864
01-31-2008-15:58:54þ576460824354116471þ65.167.67.15þ1266277þ1959739þ39967073þ17350659þ1þ468x60þ172633þ13706864
02-07-2008-17:02:04þ357583320þ216.73.80.21þ1266277þ1959739þ39967073þ17350659þ1þ468x60þ172633þ13706864
