TimeşUser-IDşIPşAdvertiser-IDşBuy-IDşAd-IDşCreative-IDşCreative-VersionşCreative-Size-IDşSite-IDşPage-ID
01-28-2008-19:01:31ş576460828930025607ş65.167.67.16ş1266277ş1959739ş39967029ş17349986ş1ş468x60ş172633ş13706863
01-31-2008-15:58:19ş576460824354116471ş65.167.67.15ş1266277ş1959739ş39967029ş17349986ş1ş468x60ş172633ş13706863
