Key	Col A	Col B 
430987	A1	B2
430987	A2	B2
431087	A4	B3
