Key	Col A	Col B 
430987	A1	B2
430987	A2	B2
431000	A3	N/A
431001	A3.1	N/A
431002	A3.2	N/A
431003	A3.3	N/A
431087	A4	B3
439999	A5	N/A
