Key-Field-1	Key-Field-2	Left-Value-Field-1	Left-Value-Field-2	Right-Value-Field-1	Right-Value-Field-2
k10	k20	a1	a2	b1	b2
k11	k21	a1	a2	b1	b2
