Month	Site	Ad Size	Ad Type	Impressions	Clicks	Activity-Type
June	Page 3	468x60	Standard	1008405	9	abc123
June	Page 3	468x60	Standard	1008405	9	xzy987
June	Page 3	Not Selected	Standard	160376	527	
June	Page 3	Not Selected	Time Based Bulk			abc123
June	Page 3	Not Selected	Time Based Bulk			xyz987
June	Page 3	Not Selected	Time Based Bulk			deadbeef
June	Sales	728x90	Exclusive	3229	30	
June	The	125x125	Exclusive	1042	25	abc123
June	The	125x125	Exclusive	1042	25	deadbeef
