Month	Site	Ad Size	Ad Type	Country Category	Impressions	Clicks
June	Page 3	468x60	Standard	US	1008405	9
June	Page 3	Not Selected	Standard	Others	160376	
June	Page 3	Not Selected	Standard	US	252883	
June	Page 3	Not Selected	Time Based Bulk	EU		527
June	Page 3	Not Selected	Time Based Bulk	Others		1369
June	Page 3	Not Selected	Time Based Bulk	UK		2261
June	Page 3	Not Selected	Time Based Bulk	US		1481
June	sun	160x600	Exclusive	UK	1927	
June	sun	300x250	Exclusive	UK	2217	
June	sun	728x90	Exclusive	UK	3229	
June	The	125x125	Exclusive	EU	750	6
June	The	125x125	Exclusive	Others	1042	25
