Key	Col B
430001	
430987	B1
430987	B2
431000	B3
431001	B3.1
431002	B3.2
431003	B3.3
431087	B4
439999	B5
