Text-1	Numeric-1-Sum	Text-2-Count
first text value	3	3
second text value	8	4
