Text-1	Text-2	Numeric-3
first text value	a	7.14
first text value	b	10.00
second text value	b	13.333
second text value	c	14.900
second text value	d	1.000
