Text-1	Text-2	Numeric-1	Numeric-2
first text value	a	2	13
first text value	b	1	3
second text value	b	2	2
second text value	c	4	4
second text value	d	2	7
