Text-1	Numeric-3
first text value	17.14
second text value	29.233
