Text1;Metric-0;Metric-1;Text2;0.0
hello;1;3;world;3
tobias;7;1;wolff;0.142857142857143
bla;400;0;test;0
