Text1;Metric-0;Metric-1;Calculated-Field;Text2
hello;1;3;3;world
tobias;7;1;0.142857142857143;wolff
bla;400;0;0;test
