Calculated-Field;Text1;Metric-0;Metric-1;Text2
3;hello;1;3;world
0.142857142857143;tobias;7;1;wolff
0;bla;400;0;test
