Calculated-Field;Metric-0;Metric-1;Text2
3;1;3;world
0.142857142857143;7;1;wolff
0;400;0;test
