hello	0	1	this->field
goodbye	2	2	should|have
okay	6	8	variety
10-4	8	16	of content.
