Month	Site	Ad Size	Ad Type	Country Category	Impressions	Clicks
June	Page 3	468x60	Standard	US	1008405	9
June	Page 3	Not Selected	Time Based Bulk	EU		527
June	Page 3	Not Selected	Time Based Bulk	Others		1369
June	Page 3	Not Selected	Time Based Bulk	UK		2261
June	Page 3	Not Selected	Time Based Bulk	US		1481
June	TheLondonSite	125x125	Exclusive	EU	750	6
June	TheLondonSite	125x125	Exclusive	Others	1042	25
