Field-One	Field-Two	File-A-Field	File-B-Field
One Key 1	Two Key 2	10	256
One Key 2	Two Key 4	100	512
One Key 3	Two Key 6		1024
One Key 4	Two Key 8	10000	
