Field-One	Field-Two	File-A-Field	File-B-Field
One Key 1	Two Key 2	10	256
One Key 2	Two Key 4	100	512
