Month	Site	Ad Size	Ad Type	Country Category	Impressions	Clicks
June	Page 3	468x60	Standard	US	1008405	9
June	TheLondonSite	125x125	Exclusive	EU	750	6
June	TheLondonSite	125x125	Exclusive	Others	1042	25
