Field-One	Field-Two	File-A-Field	File-B-Field
Field-One	Field-Two	File-A-Field	256
One Key 2	Two Key 4		512
One Key 3	Two Key 6		1024
One Key 4	Two Key 8		2048
