Text-1	Text-2	Numeric-1-Sum	Numeric-2-Sum	Numeric-1-Count	Numeric-2-Count	Numeric-1-Average	Numeric-2-Averag
first text value	a	4	26	4	4	1.00	6.50
first text value	b	2	6	2	2	1.00	3.00
second text value	b	4	4	2	2	2.00	2.00
second text value	c	8	8	4	4	2.00	2.00
second text value	d	4	14	2	2	2.00	7.00
