Text-1	Numeric-1-Sum	Text-1-Count	Numeric-2-Average
first text value	3	3	5.33
second text value	8	4	3.25
