Text-1	Sum-Field
first text value	3
second text value	8
