Text-1	Numeric-1	Numeric-2
first text value	1	8
second text value	2	7
