Text-1	Text-2	Numeric-1	Numeric-2	Numeric-1	Numeric-2	Numeric-1	Numeric-2
first text value	a	2	13	2	2	1.00	6.50
first text value	b	1	3	1	1	1.00	3.00
second text value	b	2	2	1	1	2.00	2.00
second text value	c	4	4	2	2	2.00	2.00
second text value	d	2	7	1	1	2.00	7.00
