2008-02-01	1
2008-02-01	12
2008-02-01	4
2008-02-09	5
2008-02-09	9
2008-02-09	7
