Field-0,Field-1,Something-Else,Mine-0,Mine-1
1,2,wee,3,4
5,6,w00t,7,8
7,8,nope,,
