KEYWORDID	ADVERTISERID	PUBLISHERID	CAMPAIGNID	SEARCHTERM
43001	21001	21002	71001	searchterm one
43002	21001	21002	71001	searchterm two, improved! 
43003	21001	21002	71001	searchterm three, changed!
43009	21009	21010	71010	searchterm nine, suckers!
43010	21009	21010	71010	and other searchterms as well.
