User-ID	Time
576460800472936588	10-29-2007-11:39:17
576460811342764419	11-10-2007-19:55:28
576460813268863640	10-26-2007-15:39:56
576460814111164904	10-30-2007-16:53:36
576460820781706784	11-10-2007-12:29:18
576460824354116471	11-09-2007-12:40:31
576460824354134567	11-10-2007-12:40:31
