TimeşDaveşData-1şData-2
01-28-2008-19:01:31şSnimmş1ş
