Buy-ID	conta474 - 0: Quantity	conta474 - 0: Revenue	conta474 - 1: Quantity	conta474 - 1: Revenue	conta474 - 2: Quantity	conta474 - 2: Revenue	homep274 - 0: Quantity	homep274 - 0: Revenue	homep274 - 1: Quantity	homep274 - 1: Revenue	homep274 - 2: Quantity	homep274 - 2: Revenue
	4	0.00	0	0.00	0	0.00	14	0.00	0	0.00	0	0.00
1519200	0	0.00	8	0.00	15	0.00	0	0.00	20	0.00	38	0.00
