value1^key1^key2^value2
1234^aaa^aaa^98.765
1234^aaa^aab^56.341
3491^ccv^aab^56.341
3491^ddd^erb^56.341
3491^wwz^awz^98.765
3491^fgh^awz^98.765
3491^kwq^erb^98.765
4564^aaa^aab^56.341
5671^ccv^aab^56.341
3491^ddd^erb^56.341
3451^wwz^awz^98.765
2341^fgh^awz^98.765
5431^kwq^erb^98.765
1234^aaa^aaa^98.765
1234^aaa^aab^56.341
3491^ccv^aab^56.341
3491^ddd^erb^56.341
3491^wwz^awz^98.765
3491^kwq^erb^98.765
3491^wwz^awz^98.765
3491^kwq^erb^98.765
