key1^key2^value1^value2
xdx^aaa^1234^98.765
nhf^aab^1234^56.341
qop^aab^3491^56.341
lrf^erb^3491^56.341
xdb^awz^3491^98.765
nym^awz^3491^98.765
rti^erb^3491^98.765
adp^aaa^1234^98.765
