2008-02-01	1
2008-02-01	4
2008-02-09	7
2008-01-29	7
