Field-0,Field-1,Field-2
AYE,b,c
EEE,f,g
h,,j
HACK,in,c
HACK,in,pl
HACK,in,sh
