Field-0,Field-1,Field-2
a,b,c
e,f,g
h,BLANK,j
code,in,c
code,in,pl
code,in,sh
