Field-0,Field-1,Field-2
a,b,c
e,f,g
h,,j
hack,in,c
hack,in,pl
hack,in,sh
