Field-0,Field-1,Field-2
a,b,C
e,f,g
h,,j
code,in,C
code,in,pl
code,in,sh
