Field-0,Field-1,Field-2
123,b,c
e,f,g
h,,j
h123ck,in,c
h123ck,in,pl
h123ck,in,sh
